captured 60 conv inputs from 32 samples in 1s
  model/conv2d                             [64, 24, 3, 3]     rtn mse 1.533e-03 -> adaround 5.552e-04 (+4.4 dB) 12s
  model/conv2d_1                           [64, 1, 3, 3]      rtn mse 1.976e-03 -> adaround 1.678e-04 (+10.7 dB) 2s
  model/conv2d_2                           [64, 64, 1, 1]     rtn mse 1.859e-02 -> adaround 1.647e-02 (+0.5 dB) 1s
  model/conv2d_3                           [64, 1, 3, 3]      rtn mse 1.972e-05 -> adaround 1.393e-05 (+1.5 dB) 1s
  model/getitem                            [64, 1, 7, 7]      rtn mse 5.177e-03 -> adaround 3.296e-03 (+2.0 dB) 3s
  model/conv2d_5                           [192, 64, 1, 1]    rtn mse 7.299e-03 -> adaround 5.560e-03 (+1.2 dB) 3s
  model/conv2d_6                           [64, 192, 1, 1]    rtn mse 1.806e-02 -> adaround 1.219e-02 (+1.7 dB) 2s
  model/conv2d_7                           [64, 1, 3, 3]      rtn mse 4.250e-04 -> adaround 3.567e-04 (+0.8 dB) 1s
  model/getitem_3                          [64, 1, 7, 7]      rtn mse 3.426e-03 -> adaround 2.040e-03 (+2.3 dB) 4s
  model/conv2d_9                           [192, 64, 1, 1]    rtn mse 2.956e-03 -> adaround 2.042e-03 (+1.6 dB) 3s
  model/conv2d_10                          [64, 192, 1, 1]    rtn mse 6.570e-03 -> adaround 3.752e-03 (+2.4 dB) 3s
  model/conv2d_11                          [128, 1, 7, 7]     rtn mse 8.415e-05 -> adaround 5.213e-05 (+2.1 dB) 3s
  model/conv2d_12                          [128, 128, 1, 1]   rtn mse 3.698e-04 -> adaround 2.088e-04 (+2.5 dB) 1s
  model/conv2d_13                          [128, 1, 3, 3]     rtn mse 1.759e-05 -> adaround 3.313e-06 (+7.3 dB) 1s
  model/getitem_6                          [128, 1, 7, 7]     rtn mse 3.905e-05 -> adaround 1.704e-05 (+3.6 dB) 2s
  model/conv2d_15                          [384, 128, 1, 1]   rtn mse 6.727e-05 -> adaround 4.218e-05 (+2.0 dB) 2s
  model/conv2d_16                          [128, 384, 1, 1]   rtn mse 1.602e-04 -> adaround 8.064e-05 (+3.0 dB) 2s
  model/conv2d_17                          [128, 1, 3, 3]     rtn mse 1.042e-05 -> adaround 4.283e-06 (+3.9 dB) 1s
  model/getitem_9                          [128, 1, 7, 7]     rtn mse 1.862e-05 -> adaround 1.302e-05 (+1.6 dB) 2s
  model/conv2d_19                          [384, 128, 1, 1]   rtn mse 3.041e-05 -> adaround 2.596e-05 (+0.7 dB) 2s
  model/conv2d_20                          [128, 384, 1, 1]   rtn mse 4.697e-05 -> adaround 3.356e-05 (+1.5 dB) 2s
  model/conv2d_21                          [256, 1, 7, 7]     rtn mse 9.786e-05 -> adaround 6.005e-05 (+2.1 dB) 2s
  model/conv2d_22                          [256, 256, 1, 1]   rtn mse 5.309e-05 -> adaround 2.574e-05 (+3.1 dB) 2s
  model/conv2d_23                          [256, 1, 3, 3]     rtn mse 7.617e-06 -> adaround 2.322e-06 (+5.2 dB) 1s
  model/getitem_12                         [256, 1, 7, 7]     rtn mse 1.673e-05 -> adaround 5.655e-06 (+4.7 dB) 2s
  model/conv2d_25                          [768, 256, 1, 1]   rtn mse 5.599e-05 -> adaround 4.385e-05 (+1.1 dB) 2s
  model/conv2d_26                          [256, 768, 1, 1]   rtn mse 1.631e-04 -> adaround 1.124e-04 (+1.6 dB) 3s
  model/conv2d_27                          [256, 1, 3, 3]     rtn mse 1.581e-06 -> adaround 8.604e-07 (+2.6 dB) 1s
  model/getitem_15                         [256, 1, 7, 7]     rtn mse 8.074e-06 -> adaround 4.946e-06 (+2.1 dB) 2s
  model/conv2d_29                          [768, 256, 1, 1]   rtn mse 4.950e-05 -> adaround 4.163e-05 (+0.8 dB) 2s
  model/conv2d_30                          [256, 768, 1, 1]   rtn mse 1.511e-04 -> adaround 1.073e-04 (+1.5 dB) 2s
  model/conv2d_31                          [256, 1, 3, 3]     rtn mse 5.762e-07 -> adaround 4.780e-07 (+0.8 dB) 1s
  model/getitem_18                         [256, 1, 7, 7]     rtn mse 4.892e-06 -> adaround 3.476e-06 (+1.5 dB) 2s
  model/conv2d_33                          [768, 256, 1, 1]   rtn mse 3.910e-05 -> adaround 3.219e-05 (+0.8 dB) 2s
  model/conv2d_34                          [256, 768, 1, 1]   rtn mse 1.570e-04 -> adaround 1.096e-04 (+1.6 dB) 3s
  model/conv2d_35                          [256, 1, 3, 3]     rtn mse 3.237e-06 -> adaround 2.048e-06 (+2.0 dB) 1s
  model/getitem_21                         [256, 1, 7, 7]     rtn mse 5.195e-06 -> adaround 3.610e-06 (+1.6 dB) 2s
  model/conv2d_37                          [768, 256, 1, 1]   rtn mse 3.056e-05 -> adaround 2.543e-05 (+0.8 dB) 2s
  model/conv2d_38                          [256, 768, 1, 1]   rtn mse 1.021e-04 -> adaround 7.303e-05 (+1.5 dB) 3s
  model/conv2d_39                          [256, 1, 3, 3]     rtn mse 4.513e-06 -> adaround 3.611e-06 (+1.0 dB) 1s
  model/getitem_24                         [256, 1, 7, 7]     rtn mse 6.488e-06 -> adaround 4.986e-06 (+1.1 dB) 2s
  model/conv2d_41                          [768, 256, 1, 1]   rtn mse 2.408e-05 -> adaround 2.155e-05 (+0.5 dB) 2s
  model/conv2d_42                          [256, 768, 1, 1]   rtn mse 1.019e-04 -> adaround 6.677e-05 (+1.8 dB) 3s
  model/conv2d_43                          [256, 1, 3, 3]     rtn mse 5.627e-06 -> adaround 4.545e-06 (+0.9 dB) 1s
  model/getitem_27                         [256, 1, 7, 7]     rtn mse 4.484e-06 -> adaround 2.270e-06 (+3.0 dB) 2s
  model/conv2d_45                          [768, 256, 1, 1]   rtn mse 3.968e-05 -> adaround 3.260e-05 (+0.9 dB) 3s
  model/conv2d_46                          [256, 768, 1, 1]   rtn mse 9.829e-05 -> adaround 6.790e-05 (+1.6 dB) 3s
  model/conv2d_47                          [512, 1, 7, 7]     rtn mse 6.259e-05 -> adaround 2.853e-05 (+3.4 dB) 2s
  model/conv2d_48                          [512, 512, 1, 1]   rtn mse 1.145e-04 -> adaround 6.934e-05 (+2.2 dB) 2s
  model/conv2d_49                          [512, 1, 3, 3]     rtn mse 7.882e-06 -> adaround 3.725e-06 (+3.3 dB) 1s
  model/getitem_30                         [512, 1, 7, 7]     rtn mse 2.788e-06 -> adaround 2.160e-06 (+1.1 dB) 2s
  model/conv2d_51                          [1536, 512, 1, 1]  rtn mse 6.430e-05 -> adaround 5.615e-05 (+0.6 dB) 3s
  model/conv2d_52                          [512, 1536, 1, 1]  rtn mse 4.542e-04 -> adaround 3.446e-04 (+1.2 dB) 4s
  model/conv2d_53                          [512, 1, 3, 3]     rtn mse 2.207e-05 -> adaround 1.893e-05 (+0.7 dB) 1s
  model/getitem_33                         [512, 1, 7, 7]     rtn mse 9.957e-05 -> adaround 6.291e-05 (+2.0 dB) 2s
  model/conv2d_55                          [1536, 512, 1, 1]  rtn mse 2.282e-03 -> adaround 1.584e-03 (+1.6 dB) 3s
  model/conv2d_56                          [512, 1536, 1, 1]  rtn mse 7.425e-02 -> adaround 7.235e-02 (+0.1 dB) 4s
  model/conv2d_57                          [1024, 1, 3, 3]    rtn mse 4.042e-05 -> adaround 2.856e-05 (+1.5 dB) 2s
  model/conv2d_58                          [64, 1024, 1, 1]   rtn mse 4.220e-04 -> adaround 1.855e-04 (+3.6 dB) 1s
  model/conv2d_59                          [1024, 64, 1, 1]   rtn mse 3.586e-04 -> adaround 1.661e-04 (+3.3 dB) 1s
wrote drv_adaround.onnx
