captured 46 conv inputs from 32 samples in 1s
  getitem                                  [32, 16, 3, 3]     rtn mse 3.641e-04 -> adaround 1.755e-05 (+13.2 dB) 21s
  getitem_3                                [32, 32, 3, 3]     rtn mse 2.207e-03 -> adaround 7.079e-04 (+4.9 dB) 4s
  getitem_6                                [32, 32, 1, 1]     rtn mse 4.607e-04 -> adaround 2.165e-04 (+3.3 dB) 1s
  getitem_9                                [96, 32, 3, 3]     rtn mse 2.566e-04 -> adaround 1.055e-04 (+3.9 dB) 3s
  getitem_12                               [64, 96, 1, 1]     rtn mse 1.050e-03 -> adaround 3.779e-04 (+4.4 dB) 1s
  getitem_15                               [64, 1, 5, 5]      rtn mse 7.899e-04 -> adaround 1.707e-04 (+6.7 dB) 2s
  getitem_18                               [192, 64, 1, 1]    rtn mse 7.265e-04 -> adaround 2.093e-04 (+5.4 dB) 2s
  getitem_21                               [192, 1, 5, 5]     rtn mse 5.563e-05 -> adaround 1.799e-05 (+4.9 dB) 3s
  getitem_24                               [96, 192, 1, 1]    rtn mse 7.807e-04 -> adaround 1.088e-04 (+8.6 dB) 1s
  getitem_27                               [192, 96, 1, 1]    rtn mse 2.019e-04 -> adaround 6.280e-05 (+5.1 dB) 1s
  getitem_30                               [192, 1, 3, 3]     rtn mse 1.311e-04 -> adaround 4.614e-05 (+4.5 dB) 1s
  getitem_33                               [96, 192, 1, 1]    rtn mse 7.021e-05 -> adaround 1.962e-05 (+5.5 dB) 1s
  getitem_36                               [192, 96, 1, 1]    rtn mse 3.653e-04 -> adaround 1.310e-04 (+4.5 dB) 1s
  getitem_39                               [192, 1, 3, 3]     rtn mse 2.360e-04 -> adaround 6.166e-05 (+5.8 dB) 1s
  getitem_42                               [96, 192, 1, 1]    rtn mse 1.081e-04 -> adaround 2.923e-05 (+5.7 dB) 1s
  getitem_45                               [192, 96, 1, 1]    rtn mse 4.376e-04 -> adaround 1.796e-04 (+3.9 dB) 1s
  getitem_48                               [192, 1, 3, 3]     rtn mse 4.257e-04 -> adaround 7.205e-05 (+7.7 dB) 1s
  getitem_51                               [96, 192, 1, 1]    rtn mse 1.457e-04 -> adaround 4.133e-05 (+5.5 dB) 1s
  getitem_54                               [192, 96, 1, 1]    rtn mse 4.699e-04 -> adaround 1.252e-04 (+5.7 dB) 1s
  getitem_57                               [192, 1, 3, 3]     rtn mse 1.390e-04 -> adaround 4.916e-05 (+4.5 dB) 1s
  getitem_60                               [96, 192, 1, 1]    rtn mse 1.470e-03 -> adaround 9.841e-04 (+1.7 dB) 1s
  getitem_63                               [96, 1, 3, 3]      rtn mse 1.405e-04 -> adaround 5.189e-05 (+4.3 dB) 1s
  getitem_66                               [384, 96, 1, 1]    rtn mse 9.892e-05 -> adaround 5.563e-05 (+2.5 dB) 2s
  getitem_69                               [96, 384, 1, 1]    rtn mse 1.005e-02 -> adaround 8.642e-03 (+0.7 dB) 2s
  getitem_72                               [96, 1, 3, 3]      rtn mse 9.175e-05 -> adaround 5.601e-05 (+2.1 dB) 1s
  getitem_75                               [576, 96, 1, 1]    rtn mse 3.958e-04 -> adaround 1.809e-04 (+3.4 dB) 3s
  getitem_78                               [576, 1, 3, 3]     rtn mse 1.836e-05 -> adaround 1.055e-05 (+2.4 dB) 1s
  getitem_81                               [128, 576, 1, 1]   rtn mse 9.916e-04 -> adaround 3.266e-04 (+4.8 dB) 2s
  getitem_84                               [128, 1, 5, 5]     rtn mse 1.032e-04 -> adaround 6.374e-05 (+2.1 dB) 1s
  getitem_87                               [512, 128, 1, 1]   rtn mse 2.692e-04 -> adaround 1.134e-04 (+3.8 dB) 2s
  getitem_90                               [512, 1, 5, 5]     rtn mse 8.979e-05 -> adaround 3.322e-05 (+4.3 dB) 2s
  getitem_93                               [128, 512, 1, 1]   rtn mse 2.661e-04 -> adaround 1.159e-04 (+3.6 dB) 2s
  getitem_96                               [512, 128, 1, 1]   rtn mse 1.319e-03 -> adaround 5.932e-04 (+3.5 dB) 2s
  getitem_99                               [512, 1, 5, 5]     rtn mse 3.320e-04 -> adaround 4.645e-05 (+8.5 dB) 2s
  getitem_102                              [128, 512, 1, 1]   rtn mse 4.031e-04 -> adaround 1.346e-04 (+4.8 dB) 2s
  getitem_105                              [384, 128, 1, 1]   rtn mse 4.621e-04 -> adaround 1.273e-04 (+5.6 dB) 1s
  getitem_108                              [384, 1, 5, 5]     rtn mse 6.009e-05 -> adaround 3.031e-05 (+3.0 dB) 1s
  getitem_111                              [128, 384, 1, 1]   rtn mse 5.635e-04 -> adaround 1.464e-04 (+5.9 dB) 1s
  getitem_114                              [512, 128, 1, 1]   rtn mse 7.121e-04 -> adaround 1.636e-04 (+6.4 dB) 2s
  getitem_117                              [512, 1, 3, 3]     rtn mse 7.971e-05 -> adaround 2.722e-05 (+4.7 dB) 1s
  getitem_120                              [128, 512, 1, 1]   rtn mse 3.299e-03 -> adaround 1.225e-03 (+4.3 dB) 2s
  getitem_123                              [512, 128, 1, 1]   rtn mse 8.925e-04 -> adaround 6.999e-04 (+1.1 dB) 2s
  getitem_126                              [512, 1, 3, 3]     rtn mse 4.341e-05 -> adaround 1.492e-05 (+4.6 dB) 1s
  getitem_129                              [128, 512, 1, 1]   rtn mse 2.981e-03 -> adaround 1.254e-03 (+3.8 dB) 2s
  getitem_132                              [960, 128, 1, 1]   rtn mse 5.570e-04 -> adaround 1.971e-04 (+4.5 dB) 2s
  getitem_135                              [1280, 960, 1, 1]  rtn mse 6.571e-05 -> adaround 4.676e-05 (+1.5 dB) 4s
wrote dm_adaround.onnx
